Logging to results/logs/ganomaly_run.log
Run started at 2026-04-20 00:49:06

============================================================
加载数据
============================================================
Logging to results/logs/ganomaly_run.log
Run started at 2026-04-20 00:49:36

============================================================
加载数据
============================================================
加载数据: dataset/CICIDS2017
训练文件: ['Tuesday-WorkingHours.pcap_ISCX.csv', 'Wednesday-workingHours.pcap_ISCX.csv', 'Thursday-WorkingHours-Morning-WebAttacks.pcap_ISCX.csv', 'Thursday-WorkingHours-Afternoon-Infilteration.pcap_ISCX.csv']
测试文件: ['Friday-WorkingHours-Morning.pcap_ISCX.csv', 'Friday-WorkingHours-Afternoon-DDos.pcap_ISCX.csv', 'Friday-WorkingHours-Afternoon-PortScan.pcap_ISCX.csv']
  加载 Tuesday-WorkingHours.pcap_ISCX.csv: 445909 行
  加载 Wednesday-workingHours.pcap_ISCX.csv: 692703 行
  加载 Thursday-WorkingHours-Morning-WebAttacks.pcap_ISCX.csv: 170366 行
  加载 Thursday-WorkingHours-Afternoon-Infilteration.pcap_ISCX.csv: 288602 行
训练集总行数: 1597580
  加载 Friday-WorkingHours-Morning.pcap_ISCX.csv: 191033 行
  加载 Friday-WorkingHours-Afternoon-DDos.pcap_ISCX.csv: 225745 行
  加载 Friday-WorkingHours-Afternoon-PortScan.pcap_ISCX.csv: 286467 行
测试集总行数: 703245
训练集攻击比例: 0.1682
测试集攻击比例: 0.4108
特征数量: 77

创建窗口 (window_size=128, stride=16)...
训练窗口数: 81600 (benign_only=True)
测试窗口数: 43945
测试集异常比例: 0.4228

============================================================
开始运行 1 个baseline方法
============================================================

[1/1] GANomaly

============================================================
运行 GANomaly baseline
============================================================
训练 GANomaly...
预测...
AUC: 0.7605, AP: 0.7357
标定阈值 (target_fpr=0.05): 0.006719
Calib F1: 0.7462, Recall: 0.7208, Precision: 0.7733
Train BENIGN FPR: 0.0500
Test BENIGN FPR: 0.1548

============================================================
保存结果
============================================================
结果已保存到: results/sota_ganomaly_cicids/baseline_results.json
结果已保存到: results/sota_ganomaly_cicids/baseline_results.csv

============================================================
Baseline对比结果汇总
============================================================
     method       auc        ap  calib_f1  calib_recall  test_benign_fpr  eval_seconds
0  GANomaly  0.760546  0.735741  0.746163      0.720844         0.154786    272.529164
