Logging to results/logs/ganomaly_toniot.log
Run started at 2026-04-20 01:03:29

============================================================
加载数据
============================================================
Loaded ton_iot chrono unsupervised split: train_windows=37493, calib_windows=3870, test_windows=18743, test_anom_ratio=0.2976, features=10

============================================================
开始运行 1 个baseline方法
============================================================

[1/1] GANomaly

============================================================
运行 GANomaly baseline
============================================================
训练 GANomaly...
预测...
AUC: 0.4805, AP: 0.2981
标定阈值 (target_fpr=0.05): 0.061946
Calib F1: 0.2324, Recall: 0.2051, Precision: 0.2680
Train BENIGN FPR: 0.0501
Test BENIGN FPR: 0.2374

============================================================
保存结果
============================================================
结果已保存到: results/sota_ganomaly_toniot/baseline_results.json
结果已保存到: results/sota_ganomaly_toniot/baseline_results.csv

============================================================
Baseline对比结果汇总
============================================================
     method       auc        ap  calib_f1  calib_recall  test_benign_fpr  eval_seconds
0  GANomaly  0.480489  0.298075  0.232379      0.205128         0.237354     11.185802
