Logging to results/logs/ganomaly_swat.log
Run started at 2026-04-20 00:56:20

============================================================
加载数据
============================================================
Loaded swat unsupervised formal split: train_windows=1019, calib_windows=335, test_windows=1433, test_anom_ratio=0.7662, features=71

============================================================
开始运行 1 个baseline方法
============================================================

[1/1] GANomaly

============================================================
运行 GANomaly baseline
============================================================
训练 GANomaly...
Logging to results/logs/ganomaly_swat.log
Run started at 2026-04-20 00:57:36

============================================================
加载数据
============================================================
Loaded swat unsupervised formal split: train_windows=1019, calib_windows=335, test_windows=1433, test_anom_ratio=0.7662, features=71

============================================================
开始运行 1 个baseline方法
============================================================

[1/1] GANomaly

============================================================
运行 GANomaly baseline
============================================================
训练 GANomaly...
预测...
AUC: 0.9971, AP: 0.9993
标定阈值 (target_fpr=0.05): 0.145423
Calib F1: 0.9864, Recall: 0.9945, Precision: 0.9785
Train BENIGN FPR: 0.0507
Test BENIGN FPR: 0.0716

============================================================
保存结果
============================================================
结果已保存到: results/sota_ganomaly_swat/baseline_results.json
结果已保存到: results/sota_ganomaly_swat/baseline_results.csv

============================================================
Baseline对比结果汇总
============================================================
     method       auc        ap  calib_f1  calib_recall  test_benign_fpr  eval_seconds
0  GANomaly  0.997091  0.999261   0.98645      0.994536         0.071642      2.579414
