Logging to results/logs/rf_mlp_toniot_fixed.log
Run started at 2026-04-20 01:46:24

============================================================
加载数据
============================================================
Loaded ton_iot supervised mixed split: train_windows=31243, train_anom_ratio=0.0000, test_windows=31243, test_anom_ratio=0.2545, features=10

============================================================
开始运行 2 个baseline方法
============================================================

[1/2] Random Forest
跳过 RF (Window): training labels contain only one class

[2/2] MLP
跳过 MLP (Window): training labels contain only one class

============================================================
保存结果
============================================================
结果已保存到: results/sota_rf_mlp_toniot_fixed/baseline_results.json
结果已保存到: results/sota_rf_mlp_toniot_fixed/baseline_results.csv

============================================================
Baseline对比结果汇总
============================================================
                                              method  ...  eval_seconds
0  RF (Window) [skipped: training labels contain ...  ...           0.0
1  MLP (Window) [skipped: training labels contain...  ...           0.0

[2 rows x 7 columns]
Logging to results/logs/rf_mlp_toniot_fixed.log
Run started at 2026-04-20 01:48:31

============================================================
加载数据
============================================================
Loaded ton_iot supervised mixed split: train_windows=43743, train_anom_ratio=0.0542, test_windows=18743, test_anom_ratio=0.2976, features=10

============================================================
开始运行 2 个baseline方法
============================================================

[1/2] Random Forest

============================================================
运行 Random Forest baseline (窗口级)
============================================================
训练集形状: (43743, 1280)
测试集形状: (18743, 1280)
训练 Random Forest...
预测...
AUC: 0.9816, AP: 0.9756
标定阈值 (target_fpr=0.05): 0.010000
Calib F1: 0.5033, Recall: 0.9993, Precision: 0.3364
Train BENIGN FPR: 0.0526
Test BENIGN FPR: 0.8351

[2/2] MLP

============================================================
运行 MLP baseline (窗口级)
============================================================
训练集形状: (43743, 1280)
测试集形状: (18743, 1280)
训练 MLP...
Iteration 1, loss = 0.07962448
Iteration 2, loss = 0.04492757
Iteration 3, loss = 0.03292743
Iteration 4, loss = 0.02052705
Iteration 5, loss = 0.01122178
Iteration 6, loss = 0.00874553
Iteration 7, loss = 0.00506794
Iteration 8, loss = 0.00560227
Iteration 9, loss = 0.00494027
Iteration 10, loss = 0.00394532
Iteration 11, loss = 0.00291856
Iteration 12, loss = 0.00166661
Iteration 13, loss = 0.00236812
Iteration 14, loss = 0.00229252
Iteration 15, loss = 0.00199488
Iteration 16, loss = 0.00289497
Iteration 17, loss = 0.00301027
Iteration 18, loss = 0.00278476
Iteration 19, loss = 0.00240583
Iteration 20, loss = 0.00180109
Iteration 21, loss = 0.00249820
Iteration 22, loss = 0.00251367
Iteration 23, loss = 0.00266478
Training loss did not improve more than tol=0.000100 for 10 consecutive epochs. Stopping.
预测...
AUC: 0.5304, AP: 0.3300
标定阈值 (target_fpr=0.05): 0.000000
Calib F1: 0.4246, Recall: 0.8234, Precision: 0.2860
Train BENIGN FPR: 0.0500
Test BENIGN FPR: 0.8707

============================================================
保存结果
============================================================
结果已保存到: results/sota_rf_mlp_toniot_fixed/baseline_results.json
结果已保存到: results/sota_rf_mlp_toniot_fixed/baseline_results.csv

============================================================
Baseline对比结果汇总
============================================================
         method       auc  ...  test_benign_fpr  eval_seconds
0   RF (Window)  0.981593  ...         0.835106      5.023810
1  MLP (Window)  0.530392  ...         0.870652     22.506626

[2 rows x 7 columns]
