Logging to results/logs/rf_mlp_swat.log
Run started at 2026-04-20 01:42:49

============================================================
加载数据
============================================================
Loaded swat: train_windows=1703, test_windows=1098, test_anom_ratio=1.0000, features=71

============================================================
开始运行 2 个baseline方法
============================================================

[1/2] Random Forest
跳过 RF (Window): training labels contain only one class

[2/2] MLP
跳过 MLP (Window): training labels contain only one class

============================================================
保存结果
============================================================
结果已保存到: results/sota_rf_mlp_swat/baseline_results.json
结果已保存到: results/sota_rf_mlp_swat/baseline_results.csv

============================================================
Baseline对比结果汇总
============================================================
                                              method  auc  ...  test_benign_fpr  eval_seconds
0  RF (Window) [skipped: training labels contain ...  NaN  ...              NaN           0.0
1  MLP (Window) [skipped: training labels contain...  NaN  ...              NaN           0.0

[2 rows x 7 columns]
