Logging to results/logs/xai_study.log
Run started at 2026-04-20 00:32:43
Loading dataset 'cicids2017' from dataset/CICIDS2017...
Loading checkpoint from results/final_experiments/20260414_132416/seed_runs/seed_43/ckpt_w128_s16_seed43.pt...
Computing anomaly scores for the test set...
  Processed 0/43897 windows...
  Processed 2560/43897 windows...
  Processed 5120/43897 windows...
  Processed 7680/43897 windows...
  Processed 10240/43897 windows...
  Processed 12800/43897 windows...
  Processed 15360/43897 windows...
  Processed 17920/43897 windows...
  Processed 20480/43897 windows...
  Processed 23040/43897 windows...
  Processed 25600/43897 windows...
  Processed 28160/43897 windows...
  Processed 30720/43897 windows...
  Processed 33280/43897 windows...
  Processed 35840/43897 windows...
  Processed 38400/43897 windows...
  Processed 40960/43897 windows...
  Processed 43520/43897 windows...
Explaining anomaly case (test index 20293) with Integrated Gradients...
Explaining benign case (test index 15645) with Integrated Gradients...
Running SHAP GradientExplainer (this may take a minute)...
