Logging to attack/results/logs/xai_case_study_v2.log
Run started at 2026-04-20 21:41:33
Loading dataset 'cicids2017' from attack/dataset/CICIDS2017...
Loading checkpoint from attack/results/final_experiments/20260414_132416/ablation_2x2/20260414_204232/20260414_225204/ckpt_w128_s16.pt...
Logging to attack/results/logs/xai_case_study_v2.log
Run started at 2026-04-20 21:42:57
Loading dataset 'cicids2017' from attack/dataset/CICIDS2017...
Loading checkpoint from attack/results/final_experiments/20260414_132416/ablation_2x2/20260414_204232/20260414_225204/ckpt_w128_s16.pt...
Computing anomaly scores for the test set...
  Processed 0/43897 windows...
  Processed 2560/43897 windows...
  Processed 5120/43897 windows...
  Processed 7680/43897 windows...
  Processed 10240/43897 windows...
  Processed 12800/43897 windows...
  Processed 15360/43897 windows...
  Processed 17920/43897 windows...
  Processed 20480/43897 windows...
  Processed 23040/43897 windows...
  Processed 25600/43897 windows...
  Processed 28160/43897 windows...
  Processed 30720/43897 windows...
  Processed 33280/43897 windows...
  Processed 35840/43897 windows...
  Processed 38400/43897 windows...
  Processed 40960/43897 windows...
  Processed 43520/43897 windows...
Explaining anomaly case (test index 13195) with Integrated Gradients...
Explaining benign case (test index 16260) with Integrated Gradients...
Skipping SHAP because --no-shap was set.
Saved multi-view XAI plot to attack/results/xai_case_study_v2/xai_case_multiview.png
